$ confluent local list connectors
confluent: command not found
 
$ curl -L https://cnfl.io/cli | sh -s -- -b <CONFLUENT_HOME>/bin
  % Total	% Received % Xferd  Average Speed   Time	Time 	Time  Current
                                 Dload  Upload   Total   Spent	Left  Speed
  0   162	0 	0	0 	0  	0  	0 --:--:-- --:--:-- --:--:-- 	0
100 10288  100 10288	0 	0   7250  	0  0:00:01  0:00:01 --:--:-- 15587
confluentinc/cli info checking S3 for latest tag
confluentinc/cli info found version: latest for latest/linux/amd64
confluentinc/cli info NOTICE: see licenses located in /tmp/tmp.iBN4CE2vL2/confluent
confluentinc/cli info installed /usr/local/bin/confluent
confluentinc/cli info please ensure /usr/local/bin is in your PATH
 
# https://docs.confluent.io/current/cli/command-reference/confluent-local/index.html
 
$ confluent
Manage your Confluent Platform.
 
Usage:
  confluent [command]
 
Available Commands:
  cluster 	Retrieve metadata about Confluent clusters.
  completion  Print shell completion code.
  help    	Help about any command
  iam     	Manage RBAC, ACL and IAM permissions.
  local   	Manage a local Confluent Platform development environment.
  login   	Log in to Confluent Platform (required for RBAC).
  logout  	Logout of Confluent Platform.
  secret  	Manage secrets for Confluent Platform.
  update  	Update the confluent CLI.
  version 	Print the confluent CLI version.
 
Flags:
  -h, --help        	help for confluent
  -v, --verbose count   Increase verbosity (-v for warn, -vv for info, -vvv for debug, -vvvv for trace).
      --version     	version for confluent
 
Use "confluent [command] --help" for more information about a command.
 
$ confluent local list connectors
    The local commands are intended for a single-node development environment
    only, NOT for production usage. https://docs.confluent.io/current/cli/index.html
 
connect is [DOWN]
Bundled Predefined Connectors (edit configuration under etc/):
  elasticsearch-sink
  file-source
  file-sink
  jdbc-source
  jdbc-sink
  hdfs-sink
  s3-sink
 
$ confluent local load elasticsearch-sink
    The local commands are intended for a single-node development environment
    only, NOT for production usage. https://docs.confluent.io/current/cli/index.html
 
{"name":"elasticsearch-sink","config":{"connector.class":"io.confluent.connect.elasticsearch.ElasticsearchSinkConnector","tasks.max":"1","
topics":"test-elasticsearch sink","key.ignore":"true","connection.url":"http://172.30.5.209:9200","type.name":"kafka-connect","name":"elasticsearch-sink"},
"tasks":[{"connector":"elasticsearch-sink","task":0}],"type":"sink"}
